dev-only proxies ln(X)=a+b ln(VIX): {'VIX3M': (np.float64(0.5063028713612535), np.float64(0.830382376536444), 368, 0.04769032002166806, '2006-07-17'), 'VIX1Y': (np.float64(1.0380076873785944), np.float64(0.655039133897134), 249, 0.07163304787247099, '2007-01-03')}
1990-01-02 0.13491026738394232 0.36843769261295967 0.0028710450966333845
1993-12-15 0.09480297905488308 0.28966148555259663 2.3980817331900506e-12
1997-12-02 0.21425940873644153 0.3057146067021465 7.250422484590764e-11
2001-11-27 0.2027263859341751 0.29533446096328203 1.1945999744966684e-13
2005-11-15 0.10167511504720404 0.31657240617782156 0.00022768623460578397
/home/user/alpha/research/round5/m04_tail_barbell/pricing.py:162: RuntimeWarning: invalid value encountered in scalar power
  return 2 * np.sum(g), (W - 3 * mu * V + 2 * mu ** 3) / var ** 1.5
2009-11-05 0.21191155265554393 0.3074273101503488 3.330669073875464e-14
2013-10-28 0.10095823992089858 0.385317600363533 4.5963233219470915e-12
2017-10-17 0.07216070544875015 0.4321053604557234 5.391243007578307e-12
2021-10-07 0.14972947880530155 0.3731035389101959 9.947598300641403e-14
2025-10-02 0.12073335798309512 0.4064882053949267 7.034373084024992e-13
             count       mean        std       min       25%        50%        75%        max
sa30        9244.0     0.1615     0.0680    0.0672    0.1131     0.1444     0.1914     0.7207
beta        9244.0     0.3106     0.0666    0.0050    0.2650     0.3110     0.3614     0.4592
calib_err   9244.0     0.0002     0.0010    0.0000    0.0000     0.0000     0.0000     0.0602
sa_2        9244.0     0.1637     0.0689    0.0685    0.1148     0.1464     0.1937     0.7352
sa_7        9244.0     0.1627     0.0686    0.0678    0.1140     0.1455     0.1928     0.7307
sa_14       9244.0     0.1622     0.0684    0.0675    0.1135     0.1450     0.1922     0.7268
sa_21       9244.0     0.1618     0.0682    0.0673    0.1133     0.1448     0.1918     0.7238
sa_30       9244.0     0.1615     0.0680    0.0672    0.1131     0.1444     0.1914     0.7207
sa_45       9244.0     0.1645     0.0628    0.0766    0.1197     0.1495     0.1926     0.6569
sa_60       9244.0     0.1657     0.0603    0.0795    0.1227     0.1517     0.1931     0.6462
sa_75       9244.0     0.1662     0.0588    0.0811    0.1241     0.1528     0.1934     0.6394
sa_91       9244.0     0.1665     0.0578    0.0821    0.1250     0.1534     0.1931     0.6340
sa_120      9244.0     0.1688     0.0544    0.0902    0.1296     0.1571     0.1936     0.5850
sa_150      9244.0     0.1699     0.0524    0.0947    0.1319     0.1589     0.1939     0.5518
sa_182      9244.0     0.1706     0.0511    0.0953    0.1335     0.1600     0.1943     0.5271
sa_213      9244.0     0.1714     0.0494    0.0949    0.1353     0.1611     0.1950     0.5005
SPX         9244.0  1924.7954  1613.3100  295.4600  932.4775  1313.6750  2435.7325  7798.9900
VIX         9244.0    19.4322     7.7264    9.1400   13.9900    17.5800    22.6825    82.6900
SKEW        9244.0   123.2071    11.7290  101.2300  114.7800   119.9200   128.4600   183.1200
r           9244.0     0.0277     0.0224   -0.0011    0.0024     0.0288     0.0493     0.0818
q           9244.0     0.0204     0.0059    0.0000    0.0166     0.0198     0.0223     0.0549
VIX3M_used  9244.0    20.3050     6.6885   10.5799   15.5180    19.0713    23.2807    72.9800
VIX6M_used  9244.0    21.0479     6.0372   11.6672   16.7474    19.9700    23.7575    61.4700
VIX1Y_used  9244.0    21.5736     5.5134   12.1759   17.6200    20.6020    24.4165    53.5300
days with calib_err>1e-3: 700
