dev-only proxies ln(X)=a+b ln(VIX): {'VIX3M': (np.float64(0.5063028713612535), np.float64(0.830382376536444), 368, 0.04769032002166806, '2006-07-17'), 'VIX1Y': (np.float64(1.0380076873785944), np.float64(0.655039133897134), 249, 0.07163304787247099, '2007-01-03')}
1990-01-02 0.13491026738394232 0.36843769261295967 0.0028710450966333845
1993-12-15 0.09272638935706072 0.31178480498965255 4.996003610813217e-14
1997-12-02 0.2078069053691215 0.33212997158283813 3.0664359940142122e-12
2001-11-27 0.20151311391639867 0.3009931460096839 8.551936936385118e-11
2005-11-15 0.09996637059032022 0.33136421486821954 1.0293765839666545e-10
/home/user/alpha/research/round5/m04_tail_barbell/pricing.py:162: RuntimeWarning: invalid value encountered in scalar power
  return 2 * np.sum(g), (W - 3 * mu * V + 2 * mu ** 3) / var ** 1.5
2009-11-05 0.21254283501619026 0.3047494538866624 1.303401830909849e-12
2013-10-28 0.10477528219817131 0.35959375938969157 0.00018269722250607856
2017-10-17 0.07601686880375262 0.4039133807996072 2.4916069207847613e-11
2021-10-07 0.14333809525739552 0.3996927169916327 2.287059430727796e-13
2025-10-02 0.12008147795979063 0.4094054442512766 3.1858959914643492e-12
             count       mean        std       min       25%        50%        75%        max
sa30        9244.0     0.1611     0.0672    0.0673    0.1132     0.1442     0.1915     0.6971
beta        9244.0     0.3127     0.0614    0.1207    0.2686     0.3112     0.3578     0.4455
calib_err   9244.0     0.0002     0.0006    0.0000    0.0000     0.0000     0.0000     0.0074
sa_2        9244.0     0.1634     0.0682    0.0686    0.1149     0.1463     0.1938     0.7115
sa_7        9244.0     0.1624     0.0679    0.0678    0.1140     0.1453     0.1928     0.7068
sa_14       9244.0     0.1619     0.0676    0.0676    0.1136     0.1448     0.1923     0.7030
sa_21       9244.0     0.1615     0.0674    0.0674    0.1134     0.1445     0.1919     0.7001
sa_30       9244.0     0.1611     0.0672    0.0673    0.1132     0.1442     0.1915     0.6971
sa_45       9244.0     0.1642     0.0620    0.0793    0.1197     0.1490     0.1926     0.6254
sa_60       9244.0     0.1653     0.0595    0.0829    0.1225     0.1512     0.1933     0.5895
sa_75       9244.0     0.1659     0.0580    0.0846    0.1239     0.1524     0.1934     0.5723
sa_91       9244.0     0.1662     0.0570    0.0858    0.1249     0.1531     0.1931     0.5644
sa_120      9244.0     0.1684     0.0537    0.0926    0.1296     0.1568     0.1938     0.5275
sa_150      9244.0     0.1696     0.0517    0.0952    0.1321     0.1587     0.1940     0.5060
sa_182      9244.0     0.1703     0.0503    0.0968    0.1335     0.1600     0.1945     0.4899
sa_213      9244.0     0.1710     0.0487    0.0979    0.1355     0.1610     0.1946     0.4714
SPX         9244.0  1924.7954  1613.3100  295.4600  932.4775  1313.6750  2435.7325  7798.9900
VIX         9244.0    19.4322     7.7264    9.1400   13.9900    17.5800    22.6825    82.6900
SKEW        9244.0   123.1801    11.1117  105.8862  115.1862   120.0357   127.7954   169.1090
r           9244.0     0.0277     0.0224   -0.0011    0.0024     0.0288     0.0493     0.0818
q           9244.0     0.0204     0.0059    0.0000    0.0166     0.0198     0.0223     0.0549
VIX3M_used  9244.0    20.3050     6.6885   10.5799   15.5180    19.0713    23.2807    72.9800
VIX6M_used  9244.0    21.0479     6.0372   11.6672   16.7474    19.9700    23.7575    61.4700
VIX1Y_used  9244.0    21.5736     5.5134   12.1759   17.6200    20.6020    24.4165    53.5300
days with calib_err>1e-3: 656
