{'depth': 0.2, 'tenor': 2, 'hold': 1, 'monet': 0, 'budget': 0.01, 'dev_base_exc': np.float64(-0.0053), 'dev_base_maxdd': np.float64(-0.4755), 'dev_x2_exc': np.float64(-0.0055), 'dev_ssvi_exc': np.float64(-0.0055), 'test_base_exc': np.float64(-0.0039), 'test_base_maxdd': np.float64(-0.5161), 'test_base_exc_excl_08_20': -0.0049, 'test_x2_exc': np.float64(-0.0042), 'test_ssvi_exc': np.float64(-0.0041)}
{'depth': 0.2, 'tenor': 2, 'hold': 1, 'monet': 0, 'budget': 0.033, 'dev_base_exc': np.float64(-0.0173), 'dev_base_maxdd': np.float64(-0.4764), 'dev_x2_exc': np.float64(-0.0182), 'dev_ssvi_exc': np.float64(-0.018), 'test_base_exc': np.float64(-0.0127), 'test_base_maxdd': np.float64(-0.51), 'test_base_exc_excl_08_20': -0.0163, 'test_x2_exc': np.float64(-0.0139), 'test_ssvi_exc': np.float64(-0.0137)}
{'depth': 0.2, 'tenor': 2, 'hold': 1, 'monet': 5, 'budget': 0.01, 'dev_base_exc': np.float64(-0.0042), 'dev_base_maxdd': np.float64(-0.4697), 'dev_x2_exc': np.float64(-0.0045), 'dev_ssvi_exc': np.float64(-0.0043), 'test_base_exc': np.float64(-0.0026), 'test_base_maxdd': np.float64(-0.514), 'test_base_exc_excl_08_20': -0.0037, 'test_x2_exc': np.float64(-0.003), 'test_ssvi_exc': np.float64(-0.0032)}
{'depth': 0.2, 'tenor': 2, 'hold': 1, 'monet': 5, 'budget': 0.033, 'dev_base_exc': np.float64(-0.0139), 'dev_base_maxdd': np.float64(-0.4572), 'dev_x2_exc': np.float64(-0.0149), 'dev_ssvi_exc': np.float64(-0.0141), 'test_base_exc': np.float64(-0.0085), 'test_base_maxdd': np.float64(-0.5032), 'test_base_exc_excl_08_20': -0.0124, 'test_x2_exc': np.float64(-0.0099), 'test_ssvi_exc': np.float64(-0.0106)}
{'depth': 0.2, 'tenor': 2, 'hold': 1, 'monet': 20, 'budget': 0.01, 'dev_base_exc': np.float64(-0.0053), 'dev_base_maxdd': np.float64(-0.4755), 'dev_x2_exc': np.float64(-0.0055), 'dev_ssvi_exc': np.float64(-0.0055), 'test_base_exc': np.float64(-0.0039), 'test_base_maxdd': np.float64(-0.5161), 'test_base_exc_excl_08_20': -0.0049, 'test_x2_exc': np.float64(-0.0042), 'test_ssvi_exc': np.float64(-0.0041)}
{'depth': 0.2, 'tenor': 2, 'hold': 1, 'monet': 20, 'budget': 0.033, 'dev_base_exc': np.float64(-0.0173), 'dev_base_maxdd': np.float64(-0.4764), 'dev_x2_exc': np.float64(-0.0182), 'dev_ssvi_exc': np.float64(-0.018), 'test_base_exc': np.float64(-0.0127), 'test_base_maxdd': np.float64(-0.51), 'test_base_exc_excl_08_20': -0.0163, 'test_x2_exc': np.float64(-0.0139), 'test_ssvi_exc': np.float64(-0.0137)}
{'depth': 0.2, 'tenor': 2, 'hold': 2, 'monet': 0, 'budget': 0.01, 'dev_base_exc': np.float64(-0.009), 'dev_base_maxdd': np.float64(-0.4781), 'dev_x2_exc': np.float64(-0.0091), 'dev_ssvi_exc': np.float64(-0.0091), 'test_base_exc': np.float64(-0.0058), 'test_base_maxdd': np.float64(-0.5052), 'test_base_exc_excl_08_20': -0.0096, 'test_x2_exc': np.float64(-0.006), 'test_ssvi_exc': np.float64(-0.0064)}
{'depth': 0.2, 'tenor': 2, 'hold': 2, 'monet': 0, 'budget': 0.033, 'dev_base_exc': np.float64(-0.0294), 'dev_base_maxdd': np.float64(-0.4848), 'dev_x2_exc': np.float64(-0.0297), 'dev_ssvi_exc': np.float64(-0.0298), 'test_base_exc': np.float64(-0.0194), 'test_base_maxdd': np.float64(-0.4742), 'test_base_exc_excl_08_20': -0.0314, 'test_x2_exc': np.float64(-0.0202), 'test_ssvi_exc': np.float64(-0.0212)}
{'depth': 0.2, 'tenor': 2, 'hold': 2, 'monet': 5, 'budget': 0.01, 'dev_base_exc': np.float64(-0.0062), 'dev_base_maxdd': np.float64(-0.4606), 'dev_x2_exc': np.float64(-0.0065), 'dev_ssvi_exc': np.float64(-0.006), 'test_base_exc': np.float64(-0.0052), 'test_base_maxdd': np.float64(-0.5144), 'test_base_exc_excl_08_20': -0.0065, 'test_x2_exc': np.float64(-0.0054), 'test_ssvi_exc': np.float64(-0.0061)}
{'depth': 0.2, 'tenor': 2, 'hold': 2, 'monet': 5, 'budget': 0.033, 'dev_base_exc': np.float64(-0.0206), 'dev_base_maxdd': np.float64(-0.4267), 'dev_x2_exc': np.float64(-0.0213), 'dev_ssvi_exc': np.float64(-0.02), 'test_base_exc': np.float64(-0.0174), 'test_base_maxdd': np.float64(-0.5046), 'test_base_exc_excl_08_20': -0.0215, 'test_x2_exc': np.float64(-0.018), 'test_ssvi_exc': np.float64(-0.0203)}
{'depth': 0.2, 'tenor': 2, 'hold': 2, 'monet': 20, 'budget': 0.01, 'dev_base_exc': np.float64(-0.009), 'dev_base_maxdd': np.float64(-0.4781), 'dev_x2_exc': np.float64(-0.0091), 'dev_ssvi_exc': np.float64(-0.0091), 'test_base_exc': np.float64(-0.0053), 'test_base_maxdd': np.float64(-0.4957), 'test_base_exc_excl_08_20': -0.0096, 'test_x2_exc': np.float64(-0.0056), 'test_ssvi_exc': np.float64(-0.0057)}
{'depth': 0.2, 'tenor': 2, 'hold': 2, 'monet': 20, 'budget': 0.033, 'dev_base_exc': np.float64(-0.0294), 'dev_base_maxdd': np.float64(-0.4848), 'dev_x2_exc': np.float64(-0.0297), 'dev_ssvi_exc': np.float64(-0.0298), 'test_base_exc': np.float64(-0.018), 'test_base_maxdd': np.float64(-0.4431), 'test_base_exc_excl_08_20': -0.0314, 'test_x2_exc': np.float64(-0.0189), 'test_ssvi_exc': np.float64(-0.0193)}
{'depth': 0.2, 'tenor': 4, 'hold': 1, 'monet': 0, 'budget': 0.01, 'dev_base_exc': np.float64(-0.0028), 'dev_base_maxdd': np.float64(-0.4733), 'dev_x2_exc': np.float64(-0.0032), 'dev_ssvi_exc': np.float64(-0.003), 'test_base_exc': np.float64(-0.0023), 'test_base_maxdd': np.float64(-0.5161), 'test_base_exc_excl_08_20': -0.0032, 'test_x2_exc': np.float64(-0.0027), 'test_ssvi_exc': np.float64(-0.0024)}
{'depth': 0.2, 'tenor': 4, 'hold': 1, 'monet': 0, 'budget': 0.033, 'dev_base_exc': np.float64(-0.0094), 'dev_base_maxdd': np.float64(-0.469), 'dev_x2_exc': np.float64(-0.0107), 'dev_ssvi_exc': np.float64(-0.0097), 'test_base_exc': np.float64(-0.0075), 'test_base_maxdd': np.float64(-0.5099), 'test_base_exc_excl_08_20': -0.0104, 'test_x2_exc': np.float64(-0.0089), 'test_ssvi_exc': np.float64(-0.008)}
{'depth': 0.2, 'tenor': 4, 'hold': 1, 'monet': 5, 'budget': 0.01, 'dev_base_exc': np.float64(-0.0028), 'dev_base_maxdd': np.float64(-0.4726), 'dev_x2_exc': np.float64(-0.0032), 'dev_ssvi_exc': np.float64(-0.0027), 'test_base_exc': np.float64(-0.0021), 'test_base_maxdd': np.float64(-0.5165), 'test_base_exc_excl_08_20': -0.0027, 'test_x2_exc': np.float64(-0.0025), 'test_ssvi_exc': np.float64(-0.0021)}
{'depth': 0.2, 'tenor': 4, 'hold': 1, 'monet': 5, 'budget': 0.033, 'dev_base_exc': np.float64(-0.0091), 'dev_base_maxdd': np.float64(-0.4667), 'dev_x2_exc': np.float64(-0.0104), 'dev_ssvi_exc': np.float64(-0.009), 'test_base_exc': np.float64(-0.0068), 'test_base_maxdd': np.float64(-0.5114), 'test_base_exc_excl_08_20': -0.0088, 'test_x2_exc': np.float64(-0.0083), 'test_ssvi_exc': np.float64(-0.0068)}
{'depth': 0.2, 'tenor': 4, 'hold': 1, 'monet': 20, 'budget': 0.01, 'dev_base_exc': np.float64(-0.0028), 'dev_base_maxdd': np.float64(-0.4733), 'dev_x2_exc': np.float64(-0.0032), 'dev_ssvi_exc': np.float64(-0.003), 'test_base_exc': np.float64(-0.0023), 'test_base_maxdd': np.float64(-0.5161), 'test_base_exc_excl_08_20': -0.0032, 'test_x2_exc': np.float64(-0.0027), 'test_ssvi_exc': np.float64(-0.0024)}
{'depth': 0.2, 'tenor': 4, 'hold': 1, 'monet': 20, 'budget': 0.033, 'dev_base_exc': np.float64(-0.0094), 'dev_base_maxdd': np.float64(-0.469), 'dev_x2_exc': np.float64(-0.0107), 'dev_ssvi_exc': np.float64(-0.0097), 'test_base_exc': np.float64(-0.0075), 'test_base_maxdd': np.float64(-0.5099), 'test_base_exc_excl_08_20': -0.0104, 'test_x2_exc': np.float64(-0.0089), 'test_ssvi_exc': np.float64(-0.008)}
{'depth': 0.2, 'tenor': 4, 'hold': 4, 'monet': 0, 'budget': 0.01, 'dev_base_exc': np.float64(-0.0091), 'dev_base_maxdd': np.float64(-0.4722), 'dev_x2_exc': np.float64(-0.0092), 'dev_ssvi_exc': np.float64(-0.0092), 'test_base_exc': np.float64(-0.0068), 'test_base_maxdd': np.float64(-0.4957), 'test_base_exc_excl_08_20': -0.0107, 'test_x2_exc': np.float64(-0.007), 'test_ssvi_exc': np.float64(-0.0071)}
{'depth': 0.2, 'tenor': 4, 'hold': 4, 'monet': 0, 'budget': 0.033, 'dev_base_exc': np.float64(-0.0299), 'dev_base_maxdd': np.float64(-0.4659), 'dev_x2_exc': np.float64(-0.0301), 'dev_ssvi_exc': np.float64(-0.0302), 'test_base_exc': np.float64(-0.0229), 'test_base_maxdd': np.float64(-0.4426), 'test_base_exc_excl_08_20': -0.0351, 'test_x2_exc': np.float64(-0.0235), 'test_ssvi_exc': np.float64(-0.0238)}
{'depth': 0.2, 'tenor': 4, 'hold': 4, 'monet': 5, 'budget': 0.01, 'dev_base_exc': np.float64(-0.0063), 'dev_base_maxdd': np.float64(-0.4575), 'dev_x2_exc': np.float64(-0.0065), 'dev_ssvi_exc': np.float64(-0.006), 'test_base_exc': np.float64(-0.0053), 'test_base_maxdd': np.float64(-0.5071), 'test_base_exc_excl_08_20': -0.0081, 'test_x2_exc': np.float64(-0.006), 'test_ssvi_exc': np.float64(-0.0063)}
{'depth': 0.2, 'tenor': 4, 'hold': 4, 'monet': 5, 'budget': 0.033, 'dev_base_exc': np.float64(-0.021), 'dev_base_maxdd': np.float64(-0.416), 'dev_x2_exc': np.float64(-0.0217), 'dev_ssvi_exc': np.float64(-0.0199), 'test_base_exc': np.float64(-0.0176), 'test_base_maxdd': np.float64(-0.4801), 'test_base_exc_excl_08_20': -0.0268, 'test_x2_exc': np.float64(-0.0199), 'test_ssvi_exc': np.float64(-0.021)}
{'depth': 0.2, 'tenor': 4, 'hold': 4, 'monet': 20, 'budget': 0.01, 'dev_base_exc': np.float64(-0.0086), 'dev_base_maxdd': np.float64(-0.468), 'dev_x2_exc': np.float64(-0.0087), 'dev_ssvi_exc': np.float64(-0.0087), 'test_base_exc': np.float64(-0.004), 'test_base_maxdd': np.float64(-0.4881), 'test_base_exc_excl_08_20': -0.0105, 'test_x2_exc': np.float64(-0.0045), 'test_ssvi_exc': np.float64(-0.0033)}
{'depth': 0.2, 'tenor': 4, 'hold': 4, 'monet': 20, 'budget': 0.033, 'dev_base_exc': np.float64(-0.0283), 'dev_base_maxdd': np.float64(-0.4525), 'dev_x2_exc': np.float64(-0.0287), 'dev_ssvi_exc': np.float64(-0.0288), 'test_base_exc': np.float64(-0.0144), 'test_base_maxdd': np.float64(-0.4176), 'test_base_exc_excl_08_20': -0.0343, 'test_x2_exc': np.float64(-0.0159), 'test_ssvi_exc': np.float64(-0.0122)}
{'depth': 0.3, 'tenor': 2, 'hold': 1, 'monet': 0, 'budget': 0.01, 'dev_base_exc': np.float64(-0.0058), 'dev_base_maxdd': np.float64(-0.477), 'dev_x2_exc': np.float64(-0.0061), 'dev_ssvi_exc': np.float64(-0.0062), 'test_base_exc': np.float64(-0.0042), 'test_base_maxdd': np.float64(-0.5158), 'test_base_exc_excl_08_20': -0.0055, 'test_x2_exc': np.float64(-0.0046), 'test_ssvi_exc': np.float64(-0.0044)}
{'depth': 0.3, 'tenor': 2, 'hold': 1, 'monet': 0, 'budget': 0.033, 'dev_base_exc': np.float64(-0.0192), 'dev_base_maxdd': np.float64(-0.4813), 'dev_x2_exc': np.float64(-0.02), 'dev_ssvi_exc': np.float64(-0.0204), 'test_base_exc': np.float64(-0.0139), 'test_base_maxdd': np.float64(-0.509), 'test_base_exc_excl_08_20': -0.0179, 'test_x2_exc': np.float64(-0.015), 'test_ssvi_exc': np.float64(-0.0144)}
{'depth': 0.3, 'tenor': 2, 'hold': 1, 'monet': 5, 'budget': 0.01, 'dev_base_exc': np.float64(-0.0047), 'dev_base_maxdd': np.float64(-0.4709), 'dev_x2_exc': np.float64(-0.0051), 'dev_ssvi_exc': np.float64(-0.0045), 'test_base_exc': np.float64(-0.0026), 'test_base_maxdd': np.float64(-0.5144), 'test_base_exc_excl_08_20': -0.0038, 'test_x2_exc': np.float64(-0.003), 'test_ssvi_exc': np.float64(-0.0026)}
{'depth': 0.3, 'tenor': 2, 'hold': 1, 'monet': 5, 'budget': 0.033, 'dev_base_exc': np.float64(-0.0155), 'dev_base_maxdd': np.float64(-0.4612), 'dev_x2_exc': np.float64(-0.0167), 'dev_ssvi_exc': np.float64(-0.0147), 'test_base_exc': np.float64(-0.0088), 'test_base_maxdd': np.float64(-0.5045), 'test_base_exc_excl_08_20': -0.0127, 'test_x2_exc': np.float64(-0.0101), 'test_ssvi_exc': np.float64(-0.0088)}
{'depth': 0.3, 'tenor': 2, 'hold': 1, 'monet': 20, 'budget': 0.01, 'dev_base_exc': np.float64(-0.0058), 'dev_base_maxdd': np.float64(-0.477), 'dev_x2_exc': np.float64(-0.0061), 'dev_ssvi_exc': np.float64(-0.0062), 'test_base_exc': np.float64(-0.0038), 'test_base_maxdd': np.float64(-0.5158), 'test_base_exc_excl_08_20': -0.005, 'test_x2_exc': np.float64(-0.0046), 'test_ssvi_exc': np.float64(-0.0035)}
{'depth': 0.3, 'tenor': 2, 'hold': 1, 'monet': 20, 'budget': 0.033, 'dev_base_exc': np.float64(-0.0192), 'dev_base_maxdd': np.float64(-0.4813), 'dev_x2_exc': np.float64(-0.02), 'dev_ssvi_exc': np.float64(-0.0204), 'test_base_exc': np.float64(-0.0127), 'test_base_maxdd': np.float64(-0.509), 'test_base_exc_excl_08_20': -0.0165, 'test_x2_exc': np.float64(-0.015), 'test_ssvi_exc': np.float64(-0.0117)}
{'depth': 0.3, 'tenor': 2, 'hold': 2, 'monet': 0, 'budget': 0.01, 'dev_base_exc': np.float64(-0.0099), 'dev_base_maxdd': np.float64(-0.4828), 'dev_x2_exc': np.float64(-0.01), 'dev_ssvi_exc': np.float64(-0.01), 'test_base_exc': np.float64(-0.0066), 'test_base_maxdd': np.float64(-0.5049), 'test_base_exc_excl_08_20': -0.0102, 'test_x2_exc': np.float64(-0.0068), 'test_ssvi_exc': np.float64(-0.0067)}
{'depth': 0.3, 'tenor': 2, 'hold': 2, 'monet': 0, 'budget': 0.033, 'dev_base_exc': np.float64(-0.0324), 'dev_base_maxdd': np.float64(-0.5001), 'dev_x2_exc': np.float64(-0.0326), 'dev_ssvi_exc': np.float64(-0.0328), 'test_base_exc': np.float64(-0.022), 'test_base_maxdd': np.float64(-0.4737), 'test_base_exc_excl_08_20': -0.0334, 'test_x2_exc': np.float64(-0.0226), 'test_ssvi_exc': np.float64(-0.0223)}
{'depth': 0.3, 'tenor': 2, 'hold': 2, 'monet': 5, 'budget': 0.01, 'dev_base_exc': np.float64(-0.0058), 'dev_base_maxdd': np.float64(-0.4575), 'dev_x2_exc': np.float64(-0.0061), 'dev_ssvi_exc': np.float64(-0.0053), 'test_base_exc': np.float64(-0.0054), 'test_base_maxdd': np.float64(-0.5157), 'test_base_exc_excl_08_20': -0.0066, 'test_x2_exc': np.float64(-0.0056), 'test_ssvi_exc': np.float64(-0.0048)}
{'depth': 0.3, 'tenor': 2, 'hold': 2, 'monet': 5, 'budget': 0.033, 'dev_base_exc': np.float64(-0.0191), 'dev_base_maxdd': np.float64(-0.4159), 'dev_x2_exc': np.float64(-0.0202), 'dev_ssvi_exc': np.float64(-0.0177), 'test_base_exc': np.float64(-0.0178), 'test_base_maxdd': np.float64(-0.5089), 'test_base_exc_excl_08_20': -0.022, 'test_x2_exc': np.float64(-0.0187), 'test_ssvi_exc': np.float64(-0.0161)}
{'depth': 0.3, 'tenor': 2, 'hold': 2, 'monet': 20, 'budget': 0.01, 'dev_base_exc': np.float64(-0.0099), 'dev_base_maxdd': np.float64(-0.4828), 'dev_x2_exc': np.float64(-0.01), 'dev_ssvi_exc': np.float64(-0.0087), 'test_base_exc': np.float64(-0.0041), 'test_base_maxdd': np.float64(-0.4942), 'test_base_exc_excl_08_20': -0.0088, 'test_x2_exc': np.float64(-0.0053), 'test_ssvi_exc': np.float64(-0.0034)}
{'depth': 0.3, 'tenor': 2, 'hold': 2, 'monet': 20, 'budget': 0.033, 'dev_base_exc': np.float64(-0.0324), 'dev_base_maxdd': np.float64(-0.5001), 'dev_x2_exc': np.float64(-0.0326), 'dev_ssvi_exc': np.float64(-0.0286), 'test_base_exc': np.float64(-0.0143), 'test_base_maxdd': np.float64(-0.4386), 'test_base_exc_excl_08_20': -0.0288, 'test_x2_exc': np.float64(-0.0181), 'test_ssvi_exc': np.float64(-0.0121)}
{'depth': 0.3, 'tenor': 4, 'hold': 1, 'monet': 0, 'budget': 0.01, 'dev_base_exc': np.float64(-0.0031), 'dev_base_maxdd': np.float64(-0.4736), 'dev_x2_exc': np.float64(-0.0035), 'dev_ssvi_exc': np.float64(-0.0033), 'test_base_exc': np.float64(-0.0024), 'test_base_maxdd': np.float64(-0.5155), 'test_base_exc_excl_08_20': -0.0035, 'test_x2_exc': np.float64(-0.0028), 'test_ssvi_exc': np.float64(-0.0026)}
{'depth': 0.3, 'tenor': 4, 'hold': 1, 'monet': 0, 'budget': 0.033, 'dev_base_exc': np.float64(-0.0103), 'dev_base_maxdd': np.float64(-0.4699), 'dev_x2_exc': np.float64(-0.0116), 'dev_ssvi_exc': np.float64(-0.0108), 'test_base_exc': np.float64(-0.0079), 'test_base_maxdd': np.float64(-0.508), 'test_base_exc_excl_08_20': -0.0114, 'test_x2_exc': np.float64(-0.0093), 'test_ssvi_exc': np.float64(-0.0086)}
{'depth': 0.3, 'tenor': 4, 'hold': 1, 'monet': 5, 'budget': 0.01, 'dev_base_exc': np.float64(-0.0022), 'dev_base_maxdd': np.float64(-0.469), 'dev_x2_exc': np.float64(-0.0027), 'dev_ssvi_exc': np.float64(-0.0023), 'test_base_exc': np.float64(-0.0019), 'test_base_maxdd': np.float64(-0.5141), 'test_base_exc_excl_08_20': -0.0029, 'test_x2_exc': np.float64(-0.0023), 'test_ssvi_exc': np.float64(-0.0021)}
{'depth': 0.3, 'tenor': 4, 'hold': 1, 'monet': 5, 'budget': 0.033, 'dev_base_exc': np.float64(-0.0074), 'dev_base_maxdd': np.float64(-0.4546), 'dev_x2_exc': np.float64(-0.0088), 'dev_ssvi_exc': np.float64(-0.0076), 'test_base_exc': np.float64(-0.0063), 'test_base_maxdd': np.float64(-0.5035), 'test_base_exc_excl_08_20': -0.0094, 'test_x2_exc': np.float64(-0.0077), 'test_ssvi_exc': np.float64(-0.007)}
{'depth': 0.3, 'tenor': 4, 'hold': 1, 'monet': 20, 'budget': 0.01, 'dev_base_exc': np.float64(-0.0031), 'dev_base_maxdd': np.float64(-0.4736), 'dev_x2_exc': np.float64(-0.0035), 'dev_ssvi_exc': np.float64(-0.0033), 'test_base_exc': np.float64(-0.0024), 'test_base_maxdd': np.float64(-0.5155), 'test_base_exc_excl_08_20': -0.0035, 'test_x2_exc': np.float64(-0.0028), 'test_ssvi_exc': np.float64(-0.0026)}
{'depth': 0.3, 'tenor': 4, 'hold': 1, 'monet': 20, 'budget': 0.033, 'dev_base_exc': np.float64(-0.0103), 'dev_base_maxdd': np.float64(-0.4699), 'dev_x2_exc': np.float64(-0.0116), 'dev_ssvi_exc': np.float64(-0.0108), 'test_base_exc': np.float64(-0.0079), 'test_base_maxdd': np.float64(-0.508), 'test_base_exc_excl_08_20': -0.0114, 'test_x2_exc': np.float64(-0.0093), 'test_ssvi_exc': np.float64(-0.0086)}
{'depth': 0.3, 'tenor': 4, 'hold': 4, 'monet': 0, 'budget': 0.01, 'dev_base_exc': np.float64(-0.0102), 'dev_base_maxdd': np.float64(-0.4799), 'dev_x2_exc': np.float64(-0.0102), 'dev_ssvi_exc': np.float64(-0.0103), 'test_base_exc': np.float64(-0.0075), 'test_base_maxdd': np.float64(-0.498), 'test_base_exc_excl_08_20': -0.0113, 'test_x2_exc': np.float64(-0.0076), 'test_ssvi_exc': np.float64(-0.0076)}
{'depth': 0.3, 'tenor': 4, 'hold': 4, 'monet': 0, 'budget': 0.033, 'dev_base_exc': np.float64(-0.0334), 'dev_base_maxdd': np.float64(-0.491), 'dev_x2_exc': np.float64(-0.0335), 'dev_ssvi_exc': np.float64(-0.0336), 'test_base_exc': np.float64(-0.025), 'test_base_maxdd': np.float64(-0.4505), 'test_base_exc_excl_08_20': -0.0368, 'test_x2_exc': np.float64(-0.0255), 'test_ssvi_exc': np.float64(-0.0254)}
{'depth': 0.3, 'tenor': 4, 'hold': 4, 'monet': 5, 'budget': 0.01, 'dev_base_exc': np.float64(-0.0048), 'dev_base_maxdd': np.float64(-0.4487), 'dev_x2_exc': np.float64(-0.0048), 'dev_ssvi_exc': np.float64(-0.0045), 'test_base_exc': np.float64(-0.0051), 'test_base_maxdd': np.float64(-0.5061), 'test_base_exc_excl_08_20': -0.0088, 'test_x2_exc': np.float64(-0.0054), 'test_ssvi_exc': np.float64(-0.0058)}
{'depth': 0.3, 'tenor': 4, 'hold': 4, 'monet': 5, 'budget': 0.033, 'dev_base_exc': np.float64(-0.016), 'dev_base_maxdd': np.float64(-0.3854), 'dev_x2_exc': np.float64(-0.0162), 'dev_ssvi_exc': np.float64(-0.0151), 'test_base_exc': np.float64(-0.0173), 'test_base_maxdd': np.float64(-0.4771), 'test_base_exc_excl_08_20': -0.0288, 'test_x2_exc': np.float64(-0.0182), 'test_ssvi_exc': np.float64(-0.0195)}
{'depth': 0.3, 'tenor': 4, 'hold': 4, 'monet': 20, 'budget': 0.01, 'dev_base_exc': np.float64(-0.0097), 'dev_base_maxdd': np.float64(-0.4757), 'dev_x2_exc': np.float64(-0.0098), 'dev_ssvi_exc': np.float64(-0.0098), 'test_base_exc': np.float64(-0.0029), 'test_base_maxdd': np.float64(-0.4767), 'test_base_exc_excl_08_20': -0.011, 'test_x2_exc': np.float64(-0.0051), 'test_ssvi_exc': np.float64(-0.003)}
{'depth': 0.3, 'tenor': 4, 'hold': 4, 'monet': 20, 'budget': 0.033, 'dev_base_exc': np.float64(-0.0319), 'dev_base_maxdd': np.float64(-0.4776), 'dev_x2_exc': np.float64(-0.032), 'dev_ssvi_exc': np.float64(-0.032), 'test_base_exc': np.float64(-0.0114), 'test_base_maxdd': np.float64(-0.3805), 'test_base_exc_excl_08_20': -0.036, 'test_x2_exc': np.float64(-0.0175), 'test_ssvi_exc': np.float64(-0.0117)}

DEV-selected (max dev base CAGR):
 depth                       0.3000
tenor                       4.0000
hold                        1.0000
monet                       5.0000
budget                      0.0100
dev_base_exc               -0.0022
dev_base_cagr               0.1004
dev_base_maxdd             -0.4690
dev_x2_exc                 -0.0027
dev_ssvi_exc               -0.0023
test_base_exc              -0.0019
test_base_cagr              0.1118
test_base_maxdd            -0.5141
test_base_exc_excl_08_20   -0.0029
test_x2_exc                -0.0023
test_ssvi_exc              -0.0021
configs beating SPY on DEV base: 0 of 48
configs beating SPY on TEST base (tainted, descriptive): 0 of 48
